<html>
<body>
<pre>
<h1>µVision Build Log</h1>
<h2>Tool Versions:</h2>
IDE-Version: ¦ÌVision V5.34.0.0
Copyright (C) 2021 ARM Ltd and ARM Germany GmbH. All rights reserved.
License Information: z z, z, LIC=EXJT4-FX06B-EVK1R-KZA1C-PP11A-APZDL
 
Tool Versions:
Toolchain:       MDK-ARM Plus  Version: 5.34.0.0
Toolchain Path:  D:\Keil_v5\ARM\ARMCLANG\Bin
C Compiler:      ArmClang.exe V6.16
Assembler:       Armasm.exe V6.16
Linker/Locator:  ArmLink.exe V6.16
Library Manager: ArmAr.exe V6.16
Hex Converter:   FromElf.exe V6.16
CPU DLL:         SARMCM3.DLL V5.34.0.0
Dialog DLL:      DCM.DLL V1.17.3.0
Target DLL:      STLink\ST-LINKIII-KEIL_SWO.dll V3.0.8.0
Dialog DLL:      TCM.DLL V1.48.0.0
 
<h2>Project:</h2>
E:\Smart-access-control\Hardware\CODE\project.uvprojx
Project File Date:  08/20/2021

<h2>Output:</h2>
*** Using Compiler 'V6.16', folder: 'D:\Keil_v5\ARM\ARMCLANG\Bin'
Build target 'rt-thread'
compiling sntp.c...
creating list file for sntp.c...
creating list file for decode_dma.c...
creating list file for main.c...
compiling main.c...
compiling lvgl_app.c...
creating list file for lvgl_app.c...
compiling decode_dma.c...
creating list file for umqtt_app.c...
compiling umqtt_app.c...
creating list file for led.c...
compiling ov2640_app.c...
creating list file for ov2640_app.c...
creating list file for rc522_app.c...
compiling led.c...
applications/RC522/rc522_app.c(49): warning: incompatible pointer types passing 'rt_uint32_t *' (aka 'unsigned int *') to parameter of type 'rt_ubase_t *' (aka 'unsigned long *') [-Wincompatible-pointer-types]
                rt_mb_recv(rfid_update_mb,(rt_uint32_t *)&root,RT_WAITING_FOREVER);
                                          ^~~~~~~~~~~~~~~~~~~~
rt-thread/include\rtthread.h(364): note: passing argument to parameter 'value' here
rt_err_t rt_mb_recv(rt_mailbox_t mb, rt_ubase_t *value, rt_int32_t timeout);
                                                 ^
1 warning generated.
compiling rc522_app.c...
creating list file for light_sensor.c...
creating list file for backtrace.c...
compiling backtrace.c...
creating list file for showmem.c...
compiling showmem.c...
compiling light_sensor.c...
creating list file for cpuport.c...
compiling cpuport.c...
creating list file for pin.c...
compiling pin.c...
creating list file for cpu_cache.c...
creating list file for serial.c...
compiling cpu_cache.c...
creating list file for spi_core.c...
compiling spi_dev.c...
compiling serial.c...
creating list file for spi_dev.c...
compiling spi_core.c...
creating list file for completion.c...
compiling completion.c...
creating list file for dataqueue.c...
compiling dataqueue.c...
creating list file for ringblk_buf.c...
creating list file for pipe.c...
compiling pipe.c...
compiling ringblk_buf.c...
creating list file for ringbuffer.c...
compiling ringbuffer.c...
creating list file for waitqueue.c...
compiling waitqueue.c...
compiling workqueue.c...
creating list file for workqueue.c...
creating list file for i2c_core.c...
compiling i2c_core.c...
compiling i2c_dev.c...
creating list file for i2c_dev.c...
creating list file for i2c-bit-ops.c...
creating list file for wlan_cfg.c...
compiling wlan_cfg.c...
compiling i2c-bit-ops.c...
creating list file for wlan_cmd.c...
compiling wlan_cmd.c...
creating list file for wlan_dev.c...
compiling wlan_dev.c...
compiling wlan_lwip.c...
creating list file for wlan_lwip.c...
creating list file for wlan_prot.c...
compiling wlan_prot.c...
creating list file for wlan_workqueue.c...
creating list file for wlan_mgnt.c...
compiling wlan_mgnt.c...
compiling wlan_workqueue.c...
compiling block_dev.c...
creating list file for block_dev.c...
creating list file for mmc.c...
compiling mmc.c...
creating list file for mmcsd_core.c...
compiling mmcsd_core.c...
creating list file for sd.c...
compiling sd.c...
creating list file for sfud_sfdp.c...
compiling sdio.c...
creating list file for sfud.c...
creating list file for sdio.c...
compiling sfud.c...
compiling sfud_sfdp.c...
creating list file for spi_flash_sfud.c...
creating list file for rtc.c...
compiling rtc.c...
compiling spi_flash_sfud.c...
compiling board.c...
creating list file for board.c...
creating list file for drv_mpu.c...
compiling drv_mpu.c...
compiling filesystem.c...
creating list file for filesystem.c...
creating list file for drv_common.c...
compiling drv_common.c...
creating list file for stm32h7xx_hal_msp.c...
compiling stm32h7xx_hal_msp.c...
creating list file for drv_usart.c...
creating list file for drv_gpio.c...
compiling drv_usart.c...
creating list file for drv_spi.c...
compiling drv_gpio.c...
compiling drv_spi.c...
creating list file for drv_wlan.c...
compiling drv_wlan.c...
creating list file for drv_sdram.c...
compiling drv_sdram.c...
creating list file for drv_lcd.c...
compiling drv_lcd.c...
creating list file for drv_dcmi.c...
compiling drv_dcmi.c...
creating list file for drv_ov2640.c...
creating list file for drv_soft_i2c.c...
compiling drv_ov2640.c...
creating list file for ef_fal_port.c...
compiling ef_fal_port.c...
compiling drv_soft_i2c.c...
creating list file for wifi_config.c...
creating list file for drv_spi_flash.c...
compiling wifi_config.c...
creating list file for mtd_nor.c...
compiling mtd_nor.c...
compiling drv_spi_flash.c...
creating list file for drv_sdio.c...
creating list file for dfs.c...
compiling drv_sdio.c...
compiling dfs.c...
creating list file for dfs_file.c...
compiling drv_rtc.c...
creating list file for drv_rtc.c...
compiling dfs_file.c...
creating list file for dfs_fs.c...
compiling dfs_fs.c...
creating list file for dfs_posix.c...
compiling dfs_posix.c...
creating list file for poll.c...
compiling poll.c...
creating list file for select.c...
compiling select.c...
creating list file for devfs.c...
compiling devfs.c...
creating list file for dfs_elm.c...
compiling dfs_elm.c...
creating list file for romfs.c...
creating list file for dfs_romfs.c...
compiling dfs_romfs.c...
compiling romfs.c...
creating list file for ff.c...
compiling ff.c...
compiling shell.c...
creating list file for shell.c...
creating list file for cmd.c...
compiling cmd.c...
creating list file for msh.c...
creating list file for msh_file.c...
compiling msh.c...
compiling cc936.c...
compiling msh_file.c...
creating list file for cc936.c...
creating list file for finsh_compiler.c...
creating list file for finsh_error.c...
compiling finsh_error.c...
creating list file for finsh_heap.c...
compiling finsh_heap.c...
compiling finsh_compiler.c...
creating list file for finsh_init.c...
compiling finsh_init.c...
compiling finsh_node.c...
creating list file for finsh_node.c...
creating list file for finsh_ops.c...
compiling finsh_ops.c...
compiling finsh_parser.c...
creating list file for finsh_parser.c...
creating list file for finsh_var.c...
creating list file for finsh_vm.c...
compiling finsh_var.c...
compiling finsh_vm.c...
creating list file for clock.c...
compiling clock.c...
creating list file for finsh_token.c...
compiling finsh_token.c...
compiling components.c...
creating list file for components.c...
creating list file for device.c...
creating list file for idle.c...
compiling idle.c...
compiling device.c...
creating list file for irq.c...
compiling irq.c...
creating list file for ipc.c...
compiling ipc.c...
creating list file for memheap.c...
compiling memheap.c...
compiling kservice.c...
creating list file for kservice.c...
compiling mempool.c...
creating list file for mempool.c...
creating list file for object.c...
compiling object.c...
compiling scheduler.c...
creating list file for scheduler.c...
creating list file for signal.c...
compiling signal.c...
creating list file for thread.c...
compiling thread.c...
creating list file for libc.c...
compiling libc.c...
creating list file for timer.c...
compiling timer.c...
creating list file for mem_std.c...
compiling mem_std.c...
creating list file for stdio.c...
compiling stdio.c...
compiling time.c...
creating list file for time.c...
compiling stubs.c...
creating list file for stubs.c...
creating list file for system_stm32h7xx.c...
compiling system_stm32h7xx.c...
creating list file for stm32h7xx_hal_cec.c...
compiling stm32h7xx_hal_cec.c...
creating list file for stm32h7xx_hal.c...
compiling stm32h7xx_hal.c...
creating list file for stm32h7xx_hal_cortex.c...
compiling stm32h7xx_hal_cortex.c...
creating list file for stm32h7xx_hal_comp.c...
creating list file for stm32h7xx_hal_crc.c...
compiling stm32h7xx_hal_comp.c...
creating list file for stm32h7xx_hal_crc_ex.c...
compiling stm32h7xx_hal_crc.c...
compiling stm32h7xx_hal_crc_ex.c...
creating list file for stm32h7xx_hal_cryp.c...
compiling stm32h7xx_hal_cryp.c...
creating list file for stm32h7xx_hal_cryp_ex.c...
compiling stm32h7xx_hal_cryp_ex.c...
creating list file for stm32h7xx_hal_dma_ex.c...
compiling stm32h7xx_hal_dma.c...
creating list file for stm32h7xx_hal_dma.c...
compiling stm32h7xx_hal_dma_ex.c...
creating list file for stm32h7xx_hal_mdma.c...
creating list file for stm32h7xx_hal_pwr.c...
compiling stm32h7xx_hal_mdma.c...
compiling stm32h7xx_hal_pwr.c...
creating list file for stm32h7xx_hal_pwr_ex.c...
compiling stm32h7xx_hal_pwr_ex.c...
creating list file for stm32h7xx_hal_rcc.c...
compiling stm32h7xx_hal_rcc.c...
creating list file for stm32h7xx_hal_rng.c...
creating list file for stm32h7xx_hal_rcc_ex.c...
compiling stm32h7xx_hal_rcc_ex.c...
compiling stm32h7xx_hal_rng.c...
creating list file for stm32h7xx_hal_sram.c...
compiling stm32h7xx_hal_sram.c...
creating list file for stm32h7xx_hal_gpio.c...
compiling stm32h7xx_hal_gpio.c...
creating list file for stm32h7xx_hal_usart.c...
compiling stm32h7xx_hal_usart.c...
creating list file for stm32h7xx_hal_uart_ex.c...
compiling stm32h7xx_hal_uart_ex.c...
compiling stm32h7xx_hal_uart.c...
creating list file for stm32h7xx_hal_uart.c...
creating list file for stm32h7xx_hal_qspi.c...
creating list file for stm32h7xx_hal_spi.c...
compiling stm32h7xx_hal_qspi.c...
compiling stm32h7xx_hal_spi.c...
creating list file for stm32h7xx_ll_fmc.c...
compiling stm32h7xx_ll_fmc.c...
creating list file for stm32h7xx_hal_sdram.c...
compiling stm32h7xx_hal_sdram.c...
creating list file for stm32h7xx_hal_ltdc.c...
compiling stm32h7xx_hal_ltdc.c...
creating list file for stm32h7xx_hal_dma2d.c...
creating list file for stm32h7xx_hal_dcmi.c...
compiling stm32h7xx_hal_dma2d.c...
compiling stm32h7xx_hal_dcmi.c...
creating list file for stm32h7xx_hal_rtc.c...
compiling stm32h7xx_hal_rtc.c...
creating list file for stm32h7xx_hal_rtc_ex.c...
compiling stm32h7xx_hal_rtc_ex.c...
creating list file for stm32h7xx_hal_jpeg.c...
compiling stm32h7xx_hal_jpeg.c...
creating list file for stm32h7xx_hal_tim.c...
creating list file for stm32h7xx_hal_tim_ex.c...
compiling stm32h7xx_hal_tim_ex.c...
compiling stm32h7xx_hal_tim.c...
creating list file for stm32h7xx_hal_adc.c...
compiling lv_disp.c...
creating list file for stm32h7xx_hal_adc_ex.c...
creating list file for lv_disp.c...
compiling stm32h7xx_hal_adc.c...
creating list file for lv_group.c...
compiling lv_group.c...
compiling stm32h7xx_hal_adc_ex.c...
creating list file for lv_indev.c...
creating list file for lv_refr.c...
compiling lv_indev.c...
creating list file for lv_draw_blend.c...
compiling lv_refr.c...
compiling lv_draw_blend.c...
compiling lv_draw_img.c...
creating list file for lv_draw_img.c...
compiling lv_obj.c...
creating list file for lv_obj.c...
compiling lv_draw_label.c...
creating list file for lv_draw_label.c...
creating list file for lv_draw_line.c...
compiling lv_draw_line.c...
creating list file for lv_font_dejavu_16_persian_hebrew.c...
compiling lv_font_dejavu_16_persian_hebrew.c...
creating list file for lv_font_loader.c...
creating list file for lv_draw_rect.c...
compiling lv_draw_rect.c...
compiling lv_font_loader.c...
creating list file for lv_font_montserrat_14.c...
compiling lv_font_montserrat_14.c...
creating list file for lv_hal_disp.c...
compiling lv_hal_disp.c...
creating list file for lv_hal_indev.c...
compiling lv_font_montserrat_32.c...
creating list file for lv_font_montserrat_32.c...
creating list file for lv_hal_tick.c...
compiling lv_hal_indev.c...
compiling lv_hal_tick.c...
compiling lv_bidi.c...
creating list file for lv_bidi.c...
creating list file for lv_printf.c...
compiling lv_printf.c...
creating list file for lv_mem.c...
compiling lv_mem.c...
creating list file for lv_txt.c...
creating list file for lv_txt_ap.c...
compiling lv_txt_ap.c...
compiling lv_txt.c...
creating list file for lv_utils.c...
compiling lv_utils.c...
creating list file for lv_arc.c...
creating list file for lv_btn.c...
creating list file for lv_bar.c...
compiling lv_arc.c...
compiling lv_bar.c...
compiling lv_btn.c...
creating list file for lv_btnmatrix.c...
compiling lv_btnmatrix.c...
compiling lv_calendar.c...
creating list file for lv_calendar.c...
compiling lv_canvas.c...
creating list file for lv_canvas.c...
creating list file for lv_chart.c...
compiling lv_chart.c...
creating list file for lv_checkbox.c...
compiling lv_checkbox.c...
creating list file for lv_cont.c...
compiling lv_cont.c...
creating list file for lv_cpicker.c...
compiling lv_cpicker.c...
creating list file for lv_gauge.c...
creating list file for lv_dropdown.c...
compiling lv_dropdown.c...
compiling lv_gauge.c...
creating list file for lv_img.c...
creating list file for lv_imgbtn.c...
compiling lv_img.c...
compiling lv_imgbtn.c...
creating list file for lv_keyboard.c...
compiling lv_keyboard.c...
compiling lv_led.c...
creating list file for lv_led.c...
creating list file for lv_label.c...
compiling lv_label.c...
compiling lv_line.c...
creating list file for lv_line.c...
creating list file for lv_linemeter.c...
compiling lv_linemeter.c...
creating list file for lv_objmask.c...
creating list file for lv_msgbox.c...
creating list file for lv_list.c...
compiling lv_list.c...
compiling lv_msgbox.c...
compiling lv_objmask.c...
creating list file for lv_page.c...
creating list file for lv_slider.c...
compiling lv_slider.c...
compiling lv_roller.c...
creating list file for lv_spinbox.c...
creating list file for lv_roller.c...
compiling lv_page.c...
compiling lv_spinner.c...
creating list file for lv_spinner.c...
creating list file for lv_switch.c...
compiling lv_switch.c...
compiling lv_spinbox.c...
creating list file for lv_table.c...
compiling lv_table.c...
creating list file for lv_tileview.c...
compiling lv_tabview.c...
creating list file for lv_tabview.c...
compiling lv_tileview.c...
compiling lv_textarea.c...
creating list file for lv_textarea.c...
creating list file for lv_win.c...
creating list file for lv_theme.c...
compiling lv_win.c...
compiling lv_theme.c...
creating list file for lv_theme_empty.c...
compiling lv_theme_empty.c...
creating list file for lv_theme_template.c...
compiling lv_theme_template.c...
creating list file for lv_theme_mono.c...
compiling lv_theme_mono.c...
compiling lv_theme_material.c...
creating list file for lv_theme_material.c...
creating list file for lv_port_disp.c...
creating list file for admin_fornt.c...
compiling admin_fornt.c...
creating list file for ebrimabd_font.c...
compiling ebrimabd_font.c...
creating list file for lv_port_indev.c...
compiling lv_port_indev.c...
compiling lv_port_disp.c...
creating list file for test_font_24.c...
creating list file for test_font_16.c...
compiling test_font_16.c...
compiling test_font_24.c...
creating list file for ctiic.c...
compiling ctiic.c...
creating list file for gt9147.c...
creating list file for touch_driver.c...
compiling gt9147.c...
compiling touch_driver.c...
creating list file for rc522_config.c...
compiling rc522_config.c...
creating list file for rc522_function.c...
creating list file for fal.c...
compiling fal.c...
compiling rc522_function.c...
creating list file for fal_flash.c...
compiling fal_flash.c...
creating list file for easyflash.c...
creating list file for fal_partition.c...
compiling fal_partition.c...
compiling easyflash.c...
creating list file for fal_flash_sfud_port.c...
creating list file for fal_rtt.c...
creating list file for ef_cmd.c...
compiling fal_flash_sfud_port.c...
compiling fal_rtt.c...
compiling ef_cmd.c...
creating list file for ef_env_legacy.c...
creating list file for ef_env_legacy_wl.c...
compiling ef_env_legacy.c...
compiling ef_env_legacy_wl.c...
creating list file for ef_iap.c...
compiling ef_env.c...
creating list file for ef_env.c...
compiling ef_iap.c...
creating list file for ef_log.c...
compiling ef_log.c...
compiling ef_utils.c...
creating list file for ef_utils.c...
compiling api_lib.c...
creating list file for api_lib.c...
creating list file for err.c...
compiling err.c...
creating list file for netbuf.c...
compiling api_msg.c...
compiling netbuf.c...
creating list file for api_msg.c...
creating list file for netdb.c...
compiling netdb.c...
creating list file for netifapi.c...
compiling netifapi.c...
creating list file for tcpip.c...
compiling tcpip.c...
creating list file for def.c...
compiling sys_arch.c...
creating list file for sys_arch.c...
compiling sockets.c...
creating list file for sockets.c...
compiling def.c...
compiling inet_chksum.c...
creating list file for dns.c...
creating list file for inet_chksum.c...
compiling dns.c...
creating list file for init.c...
compiling init.c...
creating list file for ip.c...
compiling ip.c...
compiling memp.c...
creating list file for memp.c...
creating list file for netif.c...
compiling netif.c...
compiling pbuf.c...
creating list file for pbuf.c...
creating list file for raw.c...
compiling stats.c...
creating list file for stats.c...
compiling raw.c...
creating list file for sys.c...
compiling sys.c...
creating list file for tcp.c...
creating list file for tcp_out.c...
compiling tcp.c...
compiling tcp_in.c...
creating list file for timeouts.c...
creating list file for tcp_in.c...
compiling tcp_out.c...
compiling autoip.c...
compiling timeouts.c...
creating list file for autoip.c...
compiling udp.c...
creating list file for udp.c...
creating list file for dhcp.c...
compiling dhcp.c...
compiling etharp.c...
creating list file for icmp.c...
compiling icmp.c...
creating list file for etharp.c...
creating list file for igmp.c...
compiling igmp.c...
creating list file for ip4.c...
creating list file for ip4_frag.c...
compiling ip4_addr.c...
creating list file for ip4_addr.c...
compiling ip4.c...
compiling ip4_frag.c...
creating list file for ethernet.c...
compiling ethernet.c...
compiling lowpan6.c...
creating list file for lowpan6.c...
creating list file for ping.c...
creating list file for ethernetif.c...
compiling ping.c...
compiling ethernetif.c...
creating list file for netdev_ipaddr.c...
compiling netdev_ipaddr.c...
creating list file for netdev.c...
creating list file for net_netdb.c...
rt-thread/components/net/netdev/src/netdev.c(22): warning: In file included from...
./rt-thread/components/net/sal_socket/include\sal.h(25): warning: redefinition of typedef 'socklen_t' is a C11 feature [-Wtypedef-redefinition]
typedef uint32_t socklen_t;
                 ^
./rt-thread/components/net/sal_socket/include/sal_socket.h(21): note: previous definition is here
typedef uint32_t socklen_t;
                 ^
1 warning generated.
compiling netdev.c...
compiling net_netdb.c...
creating list file for sal_socket.c...
rt-thread/components/net/sal_socket/src/sal_socket.c(21): warning: In file included from...
./rt-thread/components/net/sal_socket/include\sal.h(25): warning: redefinition of typedef 'socklen_t' is a C11 feature [-Wtypedef-redefinition]
typedef uint32_t socklen_t;
                 ^
./rt-thread/components/net/sal_socket/include/sal_socket.h(21): note: previous definition is here
typedef uint32_t socklen_t;
                 ^
1 warning generated.
compiling sal_socket.c...
creating list file for af_inet_lwip.c...
rt-thread/components/net/sal_socket/impl/af_inet_lwip.c(23): warning: In file included from...
./rt-thread/components/net/sal_socket/include\sal.h(25): warning: redefinition of typedef 'socklen_t' is a C11 feature [-Wtypedef-redefinition]
typedef uint32_t socklen_t;
                 ^
./rt-thread/components/net/lwip-2.0.2/src/include\lwip/sockets.h(108): note: previous definition is here
typedef u32_t socklen_t;
              ^
1 warning generated.
compiling af_inet_lwip.c...
creating list file for ymodem.c...
compiling ymodem.c...
compiling dfs_lfs.c...
creating list file for dfs_lfs.c...
creating list file for lfs_crc.c...
creating list file for rtota_update.c...
compiling rtota_update.c...
compiling lfs_crc.c...
creating list file for lfs_util.c...
compiling lfs_util.c...
compiling lfs.c...
creating list file for umqtt_transport.c...
compiling umqtt_transport.c...
creating list file for umqtt_pkgs_decode.c...
creating list file for lfs.c...
creating list file for umqtt.c...
packages/umqtt-latest/src/umqtt.c(1182): warning: incompatible function pointer types assigning to 'void (*)(void *, void *)' from 'umqtt_subscribe_cb' (aka 'void (*)(struct umqtt_client *, void *)') [-Wincompatible-function-pointer-types]
            p_subtop->callback = mqtt_client->mqtt_info.lwt_cb;
                               ^ ~~~~~~~~~~~~~~~~~~~~~~~~~~~~~
packages/umqtt-latest/src/umqtt.c(1692): warning: incompatible function pointer types assigning to 'void (*)(void *, void *)' from 'umqtt_subscribe_cb' (aka 'void (*)(struct umqtt_client *, void *)') [-Wincompatible-function-pointer-types]
                    p_subtop->callback = callback;
                                       ^ ~~~~~~~~
packages/umqtt-latest/src/umqtt.c(1950): warning: incompatible pointer to integer conversion assigning to 'rt_uint16_t' (aka 'unsigned short') from 'rt_uint16_t *' (aka 'unsigned short *'); dereference with * [-Wint-conversion]
            client->mqtt_info.connect_keepalive_sec = (rt_uint16_t *)params;
                                                    ^ ~~~~~~~~~~~~~~~~~~~~~
                                                      *
3 warnings generated.
compiling umqtt.c...
packages/umqtt-latest/src/pkgs/umqtt_pkgs_decode.c(58): warning: passing 'const char **' to parameter of type 'char **' discards qualifiers in nested pointer types [-Wincompatible-pointer-types-discards-qualifiers]
    if (!umqtt_readlenstring((int *)&(pub_msg->msg.publish.topic_name_len), &(pub_msg->msg.publish.topic_name), &curdata, enddata) 
                                                                            ^~~~~~~~~~~~~~~~~~~~~~~~~~~~~~~~~~
./packages/umqtt-latest/inc\umqtt_internal.h(301): note: passing argument to parameter 'p_string' here
static int umqtt_readlenstring(int *str_len, char **p_string, unsigned char **pptr, unsigned char *enddata)
                                                    ^
packages/umqtt-latest/src/pkgs/umqtt_pkgs_decode.c(70): warning: assigning to 'const char *' from 'unsigned char *' converts between pointers to integer types where one is of the unique plain 'char' type and the other is not [-Wpointer-sign]
    pub_msg->msg.publish.payload = curdata;
                                 ^ ~~~~~~~
2 warnings generated.
compiling umqtt_pkgs_decode.c...
creating list file for umqtt_pkgs_encode.c...
creating list file for cJSON_port.c...
compiling cJSON_port.c...
creating list file for cJSON_util.c...
compiling umqtt_pkgs_encode.c...
compiling cJSON_util.c...
linking...
Program Size: Code=723972 RO-data=289352 RW-data=2052 ZI-data=97212  
FromELF: creating hex file...
After Build - User command #1: fromelf --bin .\build\rt-thread.axf --output rtthread.bin
".\build\rt-thread.axf" - 0 Error(s), 9 Warning(s).

<h2>Software Packages used:</h2>

Package Vendor: Keil
                http://www.keil.com/pack/Keil.STM32H7xx_DFP.2.7.0.pack
                Keil.STM32H7xx_DFP.2.7.0
                STMicroelectronics STM32H7 Series Device Support and Examples

<h2>Collection of Component include folders:</h2>
  D:\Users\Kero\AppData\Local\Arm\Packs\Keil\STM32H7xx_DFP\2.7.0\Drivers\CMSIS\Device\ST\STM32H7xx\Include

<h2>Collection of Component Files used:</h2>
Build Time Elapsed:  00:00:29
</pre>
</body>
</html>
